Type error: Cannot unify types bool and int at line 2 column 11